V3 15
FL /opt/Xilinx/10.1/EDK/hw/XilinxProcessorIPLib/pcores/plbv46_master_single_v1_00_a/hdl/vhdl/data_mirror_128.vhd 2007/07/09.18:49:23 K.39
EN plbv46_master_single_v1_00_a/data_mirror_128 1239049072 \
      FL /opt/Xilinx/10.1/EDK/hw/XilinxProcessorIPLib/pcores/plbv46_master_single_v1_00_a/hdl/vhdl/data_mirror_128.vhd \
      PB ieee/std_logic_1164 1217055545 PH ieee/NUMERIC_STD 1217055545 LB unisim
AR plbv46_master_single_v1_00_a/data_mirror_128/implementation 1239049073 \
      FL /opt/Xilinx/10.1/EDK/hw/XilinxProcessorIPLib/pcores/plbv46_master_single_v1_00_a/hdl/vhdl/data_mirror_128.vhd \
      EN plbv46_master_single_v1_00_a/data_mirror_128 1239049072
FL /opt/Xilinx/10.1/EDK/hw/XilinxProcessorIPLib/pcores/plbv46_master_single_v1_00_a/hdl/vhdl/data_width_adapter.vhd 2007/07/09.18:49:23 K.39
EN plbv46_master_single_v1_00_a/data_width_adapter 1239049070 \
      FL /opt/Xilinx/10.1/EDK/hw/XilinxProcessorIPLib/pcores/plbv46_master_single_v1_00_a/hdl/vhdl/data_width_adapter.vhd \
      PB ieee/std_logic_1164 1217055545 PH ieee/NUMERIC_STD 1217055545 LB unisim
AR plbv46_master_single_v1_00_a/data_width_adapter/implementation 1239049071 \
      FL /opt/Xilinx/10.1/EDK/hw/XilinxProcessorIPLib/pcores/plbv46_master_single_v1_00_a/hdl/vhdl/data_width_adapter.vhd \
      EN plbv46_master_single_v1_00_a/data_width_adapter 1239049070
FL /opt/Xilinx/10.1/EDK/hw/XilinxProcessorIPLib/pcores/plbv46_master_single_v1_00_a/hdl/vhdl/plbv46_master_single.vhd 2007/07/09.18:49:23 K.39
EN plbv46_master_single_v1_00_a/plbv46_master_single 1239049078 \
      FL /opt/Xilinx/10.1/EDK/hw/XilinxProcessorIPLib/pcores/plbv46_master_single_v1_00_a/hdl/vhdl/plbv46_master_single.vhd \
      PB ieee/std_logic_1164 1217055545 PH ieee/NUMERIC_STD 1217055545 \
      LB proc_common_v2_00_a PB proc_common_v2_00_a/proc_common_pkg 1239049041 \
      PB proc_common_v2_00_a/family_support 1239049039 \
      LB plbv46_master_single_v1_00_a \
      EN plbv46_master_single_v1_00_a/data_width_adapter 1239049070 \
      EN plbv46_master_single_v1_00_a/data_mirror_128 1239049072
AR plbv46_master_single_v1_00_a/plbv46_master_single/implementation 1239049079 \
      FL /opt/Xilinx/10.1/EDK/hw/XilinxProcessorIPLib/pcores/plbv46_master_single_v1_00_a/hdl/vhdl/plbv46_master_single.vhd \
      EN plbv46_master_single_v1_00_a/plbv46_master_single 1239049078 CP integer \
      CP plbv46_master_single_v1_00_a/data_width_adapter \
      CP plbv46_master_single_v1_00_a/data_mirror_128
