AR intc implementation /home/abaez/svn_hthreads/mb_port/src/hardware/MyRepository/pcores/plb_fsmlang_special_pic_v1_00_a/hdl/vhdl/INTC.vhd sub00/vhpl01 1288206194
AR user_logic imp /home/abaez/svn_hthreads/mb_port/src/hardware/MyRepository/pcores/plb_fsmlang_special_pic_v1_00_a/hdl/vhdl/user_logic.vhd sub00/vhpl09 1288206218
AR pic implementation /home/abaez/svn_hthreads/mb_port/src/hardware/MyRepository/pcores/plb_fsmlang_special_pic_v1_00_a/hdl/vhdl/PIC.vhd sub00/vhpl05 1288206204
AR complete_pic implementation /home/abaez/svn_hthreads/mb_port/src/hardware/MyRepository/pcores/plb_fsmlang_special_pic_v1_00_a/hdl/vhdl/complete_pic.vhd sub00/vhpl07 1288206216
EN user_logic NULL /home/abaez/svn_hthreads/mb_port/src/hardware/MyRepository/pcores/plb_fsmlang_special_pic_v1_00_a/hdl/vhdl/user_logic.vhd sub00/vhpl08 1288206217
EN infer_bram NULL /home/abaez/svn_hthreads/mb_port/src/hardware/MyRepository/pcores/plb_fsmlang_special_pic_v1_00_a/hdl/vhdl/PIC.vhd sub00/vhpl02 1288206205
AR infer_bram implementation /home/abaez/svn_hthreads/mb_port/src/hardware/MyRepository/pcores/plb_fsmlang_special_pic_v1_00_a/hdl/vhdl/PIC.vhd sub00/vhpl03 1288206206
EN complete_pic NULL /home/abaez/svn_hthreads/mb_port/src/hardware/MyRepository/pcores/plb_fsmlang_special_pic_v1_00_a/hdl/vhdl/complete_pic.vhd sub00/vhpl06 1288206215
EN pic NULL /home/abaez/svn_hthreads/mb_port/src/hardware/MyRepository/pcores/plb_fsmlang_special_pic_v1_00_a/hdl/vhdl/PIC.vhd sub00/vhpl04 1288206203
EN intc NULL /home/abaez/svn_hthreads/mb_port/src/hardware/MyRepository/pcores/plb_fsmlang_special_pic_v1_00_a/hdl/vhdl/INTC.vhd sub00/vhpl00 1288206193
