V3 24
FL /home/abaez/svn_hthreads/mb_port/src/hardware/MyRepository/pcores/plb_fsmlang_special_pic_v1_00_a/hdl/vhdl/complete_pic.vhd 2010/10/27.13:59:16 K.39
EN work/complete_pic 1288206215 \
      FL /home/abaez/svn_hthreads/mb_port/src/hardware/MyRepository/pcores/plb_fsmlang_special_pic_v1_00_a/hdl/vhdl/complete_pic.vhd \
      PB ieee/std_logic_1164 1217055545 PB ieee/std_logic_arith 1217055546 \
      PB ieee/STD_LOGIC_UNSIGNED 1217055547 PH ieee/NUMERIC_STD 1217055545
AR work/complete_pic/IMPLEMENTATION 1288206216 \
      FL /home/abaez/svn_hthreads/mb_port/src/hardware/MyRepository/pcores/plb_fsmlang_special_pic_v1_00_a/hdl/vhdl/complete_pic.vhd \
      EN work/complete_pic 1288206215 CP PIC CP INTC
FL /home/abaez/svn_hthreads/mb_port/src/hardware/MyRepository/pcores/plb_fsmlang_special_pic_v1_00_a/hdl/vhdl/INTC.vhd 2010/10/27.14:02:54 K.39
EN work/INTC 1288206193 \
      FL /home/abaez/svn_hthreads/mb_port/src/hardware/MyRepository/pcores/plb_fsmlang_special_pic_v1_00_a/hdl/vhdl/INTC.vhd \
      PB ieee/std_logic_1164 1217055545 PB ieee/std_logic_arith 1217055546 \
      PB ieee/STD_LOGIC_UNSIGNED 1217055547 PH ieee/NUMERIC_STD 1217055545
AR work/INTC/IMPLEMENTATION 1288206194 \
      FL /home/abaez/svn_hthreads/mb_port/src/hardware/MyRepository/pcores/plb_fsmlang_special_pic_v1_00_a/hdl/vhdl/INTC.vhd \
      EN work/INTC 1288206193
EN work/infer_bram 1288206205 \
      FL /home/abaez/svn_hthreads/mb_port/src/hardware/MyRepository/pcores/plb_fsmlang_special_pic_v1_00_a/hdl/vhdl/INTC.vhd \
      PB ieee/std_logic_1164 1217055545 PB ieee/std_logic_arith 1217055546 \
      PB ieee/STD_LOGIC_UNSIGNED 1217055547 PB ieee/std_logic_misc 1217055546 \
      PH ieee/NUMERIC_STD 1217055545
AR work/infer_bram/implementation 1288206206 \
      FL /home/abaez/svn_hthreads/mb_port/src/hardware/MyRepository/pcores/plb_fsmlang_special_pic_v1_00_a/hdl/vhdl/INTC.vhd \
      EN work/infer_bram 1288206205
FL /home/abaez/svn_hthreads/mb_port/src/hardware/MyRepository/pcores/plb_fsmlang_special_pic_v1_00_a/hdl/vhdl/PIC.vhd 2010/10/27.13:59:16 K.39
EN work/PIC 1288206203 \
      FL /home/abaez/svn_hthreads/mb_port/src/hardware/MyRepository/pcores/plb_fsmlang_special_pic_v1_00_a/hdl/vhdl/PIC.vhd \
      PB ieee/std_logic_1164 1217055545 PB ieee/std_logic_arith 1217055546 \
      PB ieee/STD_LOGIC_UNSIGNED 1217055547 PH ieee/NUMERIC_STD 1217055545
AR work/PIC/IMPLEMENTATION 1288206204 \
      FL /home/abaez/svn_hthreads/mb_port/src/hardware/MyRepository/pcores/plb_fsmlang_special_pic_v1_00_a/hdl/vhdl/PIC.vhd \
      EN work/PIC 1288206203 CP infer_bram
FL /home/abaez/svn_hthreads/mb_port/src/hardware/MyRepository/pcores/plb_fsmlang_special_pic_v1_00_a/hdl/vhdl/user_logic.vhd 2010/10/27.13:59:16 K.39
EN work/user_logic 1288206217 \
      FL /home/abaez/svn_hthreads/mb_port/src/hardware/MyRepository/pcores/plb_fsmlang_special_pic_v1_00_a/hdl/vhdl/user_logic.vhd \
      PB ieee/std_logic_1164 1217055545 PB ieee/std_logic_arith 1217055546 \
      PB ieee/STD_LOGIC_UNSIGNED 1217055547 PH ieee/NUMERIC_STD 1217055545 \
      LB fsl_v20_v2_11_a
AR work/user_logic/IMP 1288206218 \
      FL /home/abaez/svn_hthreads/mb_port/src/hardware/MyRepository/pcores/plb_fsmlang_special_pic_v1_00_a/hdl/vhdl/user_logic.vhd \
      EN work/user_logic 1288206217 CP complete_pic CP fsl_v20
FL /home/jagron/plb_fsmlang_special_pic_v1_00_a/hdl/vhdl/complete_pic.vhd 2009/09/11.15:10:10 K.39
FL /home/jagron/plb_fsmlang_special_pic_v1_00_a/hdl/vhdl/INTC.vhd 2009/09/11.15:10:10 K.39
FL /home/jagron/plb_fsmlang_special_pic_v1_00_a/hdl/vhdl/PIC.vhd 2009/09/11.15:10:10 K.39
FL /home/jagron/plb_fsmlang_special_pic_v1_00_a/hdl/vhdl/user_logic.vhd 2009/09/11.16:07:54 K.39
