V3 37
FL /opt/Xilinx/10.1/EDK/hw/XilinxProcessorIPLib/pcores/fsl_v20_v2_11_a/hdl/vhdl/async_fifo.vhd 2007/04/24.07:40:27 K.39
EN fsl_v20_v2_11_a/Async_FIFO 1288206209 \
      FL /opt/Xilinx/10.1/EDK/hw/XilinxProcessorIPLib/pcores/fsl_v20_v2_11_a/hdl/vhdl/async_fifo.vhd \
      PB ieee/std_logic_1164 1217055545 PH ieee/NUMERIC_STD 1217055545
AR fsl_v20_v2_11_a/ASync_FIFO/VHDL_RTL 1288206210 \
      FL /opt/Xilinx/10.1/EDK/hw/XilinxProcessorIPLib/pcores/fsl_v20_v2_11_a/hdl/vhdl/async_fifo.vhd \
      EN fsl_v20_v2_11_a/Async_FIFO 1288206209
FL /opt/Xilinx/10.1/EDK/hw/XilinxProcessorIPLib/pcores/fsl_v20_v2_11_a/hdl/vhdl/async_fifo_bram.vhd 2007/05/23.06:41:41 K.39
EN fsl_v20_v2_11_a/Async_FIFO_BRAM 1288206211 \
      FL /opt/Xilinx/10.1/EDK/hw/XilinxProcessorIPLib/pcores/fsl_v20_v2_11_a/hdl/vhdl/async_fifo_bram.vhd \
      PB ieee/std_logic_1164 1217055545 PH ieee/NUMERIC_STD 1217055545 LB Unisim \
      PH unisim/VCOMPONENTS 1217055545
AR fsl_v20_v2_11_a/Async_FIFO_BRAM/IMP 1288206212 \
      FL /opt/Xilinx/10.1/EDK/hw/XilinxProcessorIPLib/pcores/fsl_v20_v2_11_a/hdl/vhdl/async_fifo_bram.vhd \
      EN fsl_v20_v2_11_a/Async_FIFO_BRAM 1288206211 CP MUXCY_L
FL /opt/Xilinx/10.1/EDK/hw/XilinxProcessorIPLib/pcores/fsl_v20_v2_11_a/hdl/vhdl/fsl_v20.vhd 2007/05/23.06:41:41 K.39
EN fsl_v20_v2_11_a/fsl_v20 1288206213 \
      FL /opt/Xilinx/10.1/EDK/hw/XilinxProcessorIPLib/pcores/fsl_v20_v2_11_a/hdl/vhdl/fsl_v20.vhd \
      PB ieee/std_logic_1164 1217055545 LB Unisim PH unisim/VCOMPONENTS 1217055545 \
      LB fsl_v20_v2_11_a EN fsl_v20_v2_11_a/Sync_FIFO 1288206207 \
      EN fsl_v20_v2_11_a/Async_FIFO 1288206209
AR fsl_v20_v2_11_a/fsl_v20/IMP 1288206214 \
      FL /opt/Xilinx/10.1/EDK/hw/XilinxProcessorIPLib/pcores/fsl_v20_v2_11_a/hdl/vhdl/fsl_v20.vhd \
      EN fsl_v20_v2_11_a/fsl_v20 1288206213 CP SRL16 CP FDS CP std_logic \
      CP Sync_FIFO CP Async_FIFO CP Async_FIFO_BRAM
FL /opt/Xilinx/10.1/EDK/hw/XilinxProcessorIPLib/pcores/fsl_v20_v2_11_a/hdl/vhdl/gen_srlfifo.vhd 2007/04/24.07:40:27 K.39
EN fsl_v20_v2_11_a/SRL_FIFO 1288206197 \
      FL /opt/Xilinx/10.1/EDK/hw/XilinxProcessorIPLib/pcores/fsl_v20_v2_11_a/hdl/vhdl/gen_srlfifo.vhd \
      PB ieee/std_logic_1164 1217055545
AR fsl_v20_v2_11_a/SRL_FIFO/IMP 1288206198 \
      FL /opt/Xilinx/10.1/EDK/hw/XilinxProcessorIPLib/pcores/fsl_v20_v2_11_a/hdl/vhdl/gen_srlfifo.vhd \
      EN fsl_v20_v2_11_a/SRL_FIFO 1288206197 LB Unisim PH unisim/VCOMPONENTS 1217055545 \
      CP FDRE CP MUXCY_L CP XORCY CP SRL16E
FL /opt/Xilinx/10.1/EDK/hw/XilinxProcessorIPLib/pcores/fsl_v20_v2_11_a/hdl/vhdl/gen_sync_bram.vhd 2007/05/23.06:41:41 K.39
EN fsl_v20_v2_11_a/Sync_BRAM 1288206201 \
      FL /opt/Xilinx/10.1/EDK/hw/XilinxProcessorIPLib/pcores/fsl_v20_v2_11_a/hdl/vhdl/gen_sync_bram.vhd \
      PB ieee/std_logic_1164 1217055545 PB ieee/STD_LOGIC_UNSIGNED 1217055547
AR fsl_v20_v2_11_a/Sync_BRAM/syn 1288206202 \
      FL /opt/Xilinx/10.1/EDK/hw/XilinxProcessorIPLib/pcores/fsl_v20_v2_11_a/hdl/vhdl/gen_sync_bram.vhd \
      EN fsl_v20_v2_11_a/Sync_BRAM 1288206201
FL /opt/Xilinx/10.1/EDK/hw/XilinxProcessorIPLib/pcores/fsl_v20_v2_11_a/hdl/vhdl/gen_sync_dpram.vhd 2007/04/24.07:40:27 K.39
EN fsl_v20_v2_11_a/Sync_DPRAM 1288206199 \
      FL /opt/Xilinx/10.1/EDK/hw/XilinxProcessorIPLib/pcores/fsl_v20_v2_11_a/hdl/vhdl/gen_sync_dpram.vhd \
      PB ieee/std_logic_1164 1217055545 PB ieee/STD_LOGIC_UNSIGNED 1217055547
AR fsl_v20_v2_11_a/Sync_DPRAM/syn 1288206200 \
      FL /opt/Xilinx/10.1/EDK/hw/XilinxProcessorIPLib/pcores/fsl_v20_v2_11_a/hdl/vhdl/gen_sync_dpram.vhd \
      EN fsl_v20_v2_11_a/Sync_DPRAM 1288206199
FL /opt/Xilinx/10.1/EDK/hw/XilinxProcessorIPLib/pcores/fsl_v20_v2_11_a/hdl/vhdl/sync_fifo.vhd 2007/05/23.06:41:41 K.39
EN fsl_v20_v2_11_a/Sync_FIFO 1288206207 \
      FL /opt/Xilinx/10.1/EDK/hw/XilinxProcessorIPLib/pcores/fsl_v20_v2_11_a/hdl/vhdl/sync_fifo.vhd \
      PB ieee/std_logic_1164 1217055545 PH ieee/NUMERIC_STD 1217055545 \
      LB fsl_v20_v2_11_a
AR fsl_v20_v2_11_a/Sync_FIFO/VHDL_RTL 1288206208 \
      FL /opt/Xilinx/10.1/EDK/hw/XilinxProcessorIPLib/pcores/fsl_v20_v2_11_a/hdl/vhdl/sync_fifo.vhd \
      EN fsl_v20_v2_11_a/Sync_FIFO 1288206207 CP natural CP std_logic CP SRL_FIFO \
      CP SYNC_DPRAM CP Sync_BRAM
