AR user_logic imp /home/jagron/uark_research/plb_cores/edk_user_repository/MyProcessorIPLib/pcores/plb_hthreads_timer_v1_00_a/hdl/vhdl/user_logic.vhd sub00/vhpl01 1246296309
EN plb_hthreads_timer NULL /home/jagron/uark_research/plb_cores/edk_user_repository/MyProcessorIPLib/pcores/plb_hthreads_timer_v1_00_a/hdl/vhdl/plb_hthreads_timer.vhd sub00/vhpl02 1246296310
EN user_logic NULL /home/jagron/uark_research/plb_cores/edk_user_repository/MyProcessorIPLib/pcores/plb_hthreads_timer_v1_00_a/hdl/vhdl/user_logic.vhd sub00/vhpl00 1246296308
AR plb_hthreads_timer imp /home/jagron/uark_research/plb_cores/edk_user_repository/MyProcessorIPLib/pcores/plb_hthreads_timer_v1_00_a/hdl/vhdl/plb_hthreads_timer.vhd sub00/vhpl03 1246296311
