AR data_width_adapter implementation /opt/Xilinx/10.1/EDK/hw/XilinxProcessorIPLib/pcores/plbv46_master_single_v1_00_a/hdl/vhdl/data_width_adapter.vhd sub00/vhpl01 1239049071
AR plbv46_master_single implementation /opt/Xilinx/10.1/EDK/hw/XilinxProcessorIPLib/pcores/plbv46_master_single_v1_00_a/hdl/vhdl/plbv46_master_single.vhd sub00/vhpl05 1239049079
EN data_mirror_128 NULL /opt/Xilinx/10.1/EDK/hw/XilinxProcessorIPLib/pcores/plbv46_master_single_v1_00_a/hdl/vhdl/data_mirror_128.vhd sub00/vhpl02 1239049072
AR data_mirror_128 implementation /opt/Xilinx/10.1/EDK/hw/XilinxProcessorIPLib/pcores/plbv46_master_single_v1_00_a/hdl/vhdl/data_mirror_128.vhd sub00/vhpl03 1239049073
EN plbv46_master_single NULL /opt/Xilinx/10.1/EDK/hw/XilinxProcessorIPLib/pcores/plbv46_master_single_v1_00_a/hdl/vhdl/plbv46_master_single.vhd sub00/vhpl04 1239049078
EN data_width_adapter NULL /opt/Xilinx/10.1/EDK/hw/XilinxProcessorIPLib/pcores/plbv46_master_single_v1_00_a/hdl/vhdl/data_width_adapter.vhd sub00/vhpl00 1239049070
