V3 12
FL /home/jagron/uark_research/plb_cores/edk_user_repository/MyProcessorIPLib/pcores/plb_hthreads_timer_v1_00_a/hdl/vhdl/plb_hthreads_timer.vhd 2009/06/29.12:13:20 K.39
EN plb_hthreads_timer_v1_00_a/plb_hthreads_timer 1246296310 \
      FL /home/jagron/uark_research/plb_cores/edk_user_repository/MyProcessorIPLib/pcores/plb_hthreads_timer_v1_00_a/hdl/vhdl/plb_hthreads_timer.vhd \
      PB ieee/std_logic_1164 1217055545 PB ieee/std_logic_arith 1217055546 \
      PB ieee/STD_LOGIC_UNSIGNED 1217055547 LB proc_common_v2_00_a \
      LB plbv46_slave_single_v1_00_a LB plb_hthreads_timer_v1_00_a \
      PB proc_common_v2_00_a/proc_common_pkg 1246296287 \
      PB proc_common_v2_00_a/ipif_pkg 1246296301 \
      EN proc_common_v2_00_a/soft_reset 1246296294 \
      EN plbv46_slave_single_v1_00_a/plbv46_slave_single 1246296306 \
      EN plb_hthreads_timer_v1_00_a/user_logic 1246296308
AR plb_hthreads_timer_v1_00_a/plb_hthreads_timer/IMP 1246296311 \
      FL /home/jagron/uark_research/plb_cores/edk_user_repository/MyProcessorIPLib/pcores/plb_hthreads_timer_v1_00_a/hdl/vhdl/plb_hthreads_timer.vhd \
      EN plb_hthreads_timer_v1_00_a/plb_hthreads_timer 1246296310 \
      CP plbv46_slave_single_v1_00_a/plbv46_slave_single \
      CP proc_common_v2_00_a/soft_reset CP plb_hthreads_timer_v1_00_a/user_logic
FL /home/jagron/uark_research/plb_cores/edk_user_repository/MyProcessorIPLib/pcores/plb_hthreads_timer_v1_00_a/hdl/vhdl/user_logic.vhd 2009/06/29.12:22:50 K.39
EN plb_hthreads_timer_v1_00_a/user_logic 1246296308 \
      FL /home/jagron/uark_research/plb_cores/edk_user_repository/MyProcessorIPLib/pcores/plb_hthreads_timer_v1_00_a/hdl/vhdl/user_logic.vhd \
      PB ieee/std_logic_1164 1217055545 PB ieee/std_logic_arith 1217055546 \
      PB ieee/STD_LOGIC_UNSIGNED 1217055547 LB proc_common_v2_00_a \
      PB proc_common_v2_00_a/proc_common_pkg 1246296287
AR plb_hthreads_timer_v1_00_a/user_logic/IMP 1246296309 \
      FL /home/jagron/uark_research/plb_cores/edk_user_repository/MyProcessorIPLib/pcores/plb_hthreads_timer_v1_00_a/hdl/vhdl/user_logic.vhd \
      EN plb_hthreads_timer_v1_00_a/user_logic 1246296308
