EN cntr_incr_decr_addn_f NULL /opt/Xilinx/10.1/EDK/hw/XilinxProcessorIPLib/pcores/proc_common_v2_00_a/hdl/vhdl/cntr_incr_decr_addn_f.vhd sub00/vhpl08 1239049046
AR srl_fifo_rbu_f imp /opt/Xilinx/10.1/EDK/hw/XilinxProcessorIPLib/pcores/proc_common_v2_00_a/hdl/vhdl/srl_fifo_rbu_f.vhd sub00/vhpl15 1239049053
PH family_support NULL /opt/Xilinx/10.1/EDK/hw/XilinxProcessorIPLib/pcores/proc_common_v2_00_a/hdl/vhdl/family_support.vhd sub00/vhpl00 1239049038
PH proc_common_pkg NULL /opt/Xilinx/10.1/EDK/hw/XilinxProcessorIPLib/pcores/proc_common_v2_00_a/hdl/vhdl/proc_common_pkg.vhd sub00/vhpl02 1239049040
AR pselect_f imp /opt/Xilinx/10.1/EDK/hw/XilinxProcessorIPLib/pcores/proc_common_v2_00_a/hdl/vhdl/pselect_f.vhd sub00/vhpl21 1239049059
AR srl_fifo_f imp /opt/Xilinx/10.1/EDK/hw/XilinxProcessorIPLib/pcores/proc_common_v2_00_a/hdl/vhdl/srl_fifo_f.vhd sub00/vhpl19 1239049057
EN muxf_struct_f NULL /opt/Xilinx/10.1/EDK/hw/XilinxProcessorIPLib/pcores/proc_common_v2_00_a/hdl/vhdl/muxf_struct_f.vhd sub00/vhpl06 1239049044
AR counter_f imp /opt/Xilinx/10.1/EDK/hw/XilinxProcessorIPLib/pcores/proc_common_v2_00_a/hdl/vhdl/counter_f.vhd sub00/vhpl17 1239049055
EN muxf_struct NULL /opt/Xilinx/10.1/EDK/hw/XilinxProcessorIPLib/pcores/proc_common_v2_00_a/hdl/vhdl/muxf_struct_f.vhd sub00/vhpl04 1239049042
EN or_gate128 NULL /opt/Xilinx/10.1/EDK/hw/XilinxProcessorIPLib/pcores/proc_common_v2_00_a/hdl/vhdl/or_gate128.vhd sub00/vhpl22 1239049060
PH ipif_pkg NULL /opt/Xilinx/10.1/EDK/hw/XilinxProcessorIPLib/pcores/proc_common_v2_00_a/hdl/vhdl/ipif_pkg.vhd sub00/vhpl24 1239049062
EN counter_f NULL /opt/Xilinx/10.1/EDK/hw/XilinxProcessorIPLib/pcores/proc_common_v2_00_a/hdl/vhdl/counter_f.vhd sub00/vhpl16 1239049054
PB family_support family_support /opt/Xilinx/10.1/EDK/hw/XilinxProcessorIPLib/pcores/proc_common_v2_00_a/hdl/vhdl/family_support.vhd sub00/vhpl01 1239049039
PB proc_common_pkg proc_common_pkg /opt/Xilinx/10.1/EDK/hw/XilinxProcessorIPLib/pcores/proc_common_v2_00_a/hdl/vhdl/proc_common_pkg.vhd sub00/vhpl03 1239049041
AR muxf_struct_f imp /opt/Xilinx/10.1/EDK/hw/XilinxProcessorIPLib/pcores/proc_common_v2_00_a/hdl/vhdl/muxf_struct_f.vhd sub00/vhpl07 1239049045
AR dynshreg_f behavioral /opt/Xilinx/10.1/EDK/hw/XilinxProcessorIPLib/pcores/proc_common_v2_00_a/hdl/vhdl/dynshreg_f.vhd sub00/vhpl11 1239049049
AR or_muxcy implementation /opt/Xilinx/10.1/EDK/hw/XilinxProcessorIPLib/pcores/proc_common_v2_00_a/hdl/vhdl/or_muxcy.vhd sub00/vhpl13 1239049051
EN srl_fifo_rbu_f NULL /opt/Xilinx/10.1/EDK/hw/XilinxProcessorIPLib/pcores/proc_common_v2_00_a/hdl/vhdl/srl_fifo_rbu_f.vhd sub00/vhpl14 1239049052
EN srl_fifo_f NULL /opt/Xilinx/10.1/EDK/hw/XilinxProcessorIPLib/pcores/proc_common_v2_00_a/hdl/vhdl/srl_fifo_f.vhd sub00/vhpl18 1239049056
EN dynshreg_f NULL /opt/Xilinx/10.1/EDK/hw/XilinxProcessorIPLib/pcores/proc_common_v2_00_a/hdl/vhdl/dynshreg_f.vhd sub00/vhpl10 1239049048
EN pselect_f NULL /opt/Xilinx/10.1/EDK/hw/XilinxProcessorIPLib/pcores/proc_common_v2_00_a/hdl/vhdl/pselect_f.vhd sub00/vhpl20 1239049058
AR muxf_struct imp /opt/Xilinx/10.1/EDK/hw/XilinxProcessorIPLib/pcores/proc_common_v2_00_a/hdl/vhdl/muxf_struct_f.vhd sub00/vhpl05 1239049043
AR or_gate128 imp /opt/Xilinx/10.1/EDK/hw/XilinxProcessorIPLib/pcores/proc_common_v2_00_a/hdl/vhdl/or_gate128.vhd sub00/vhpl23 1239049061
PB ipif_pkg ipif_pkg /opt/Xilinx/10.1/EDK/hw/XilinxProcessorIPLib/pcores/proc_common_v2_00_a/hdl/vhdl/ipif_pkg.vhd sub00/vhpl25 1239049063
AR cntr_incr_decr_addn_f imp /opt/Xilinx/10.1/EDK/hw/XilinxProcessorIPLib/pcores/proc_common_v2_00_a/hdl/vhdl/cntr_incr_decr_addn_f.vhd sub00/vhpl09 1239049047
EN or_muxcy NULL /opt/Xilinx/10.1/EDK/hw/XilinxProcessorIPLib/pcores/proc_common_v2_00_a/hdl/vhdl/or_muxcy.vhd sub00/vhpl12 1239049050
