V3 66
FL /opt/Xilinx/10.1/EDK/hw/XilinxProcessorIPLib/pcores/proc_common_v2_00_a/hdl/vhdl/cntr_incr_decr_addn_f.vhd 2007/01/19.04:16:06 K.39
EN proc_common_v2_00_a/cntr_incr_decr_addn_f 1239049046 \
      FL /opt/Xilinx/10.1/EDK/hw/XilinxProcessorIPLib/pcores/proc_common_v2_00_a/hdl/vhdl/cntr_incr_decr_addn_f.vhd \
      PB ieee/std_logic_1164 1217055545
AR proc_common_v2_00_a/cntr_incr_decr_addn_f/imp 1239049047 \
      FL /opt/Xilinx/10.1/EDK/hw/XilinxProcessorIPLib/pcores/proc_common_v2_00_a/hdl/vhdl/cntr_incr_decr_addn_f.vhd \
      EN proc_common_v2_00_a/cntr_incr_decr_addn_f 1239049046 \
      LB proc_common_v2_00_a PH ieee/NUMERIC_STD 1217055545 LB unisim \
      CP std_logic_vector CP MUXCY_L CP XORCY CP FDS \
      PB proc_common_v2_00_a/family_support 1239049039
FL /opt/Xilinx/10.1/EDK/hw/XilinxProcessorIPLib/pcores/proc_common_v2_00_a/hdl/vhdl/counter_f.vhd 2006/06/16.06:11:55 K.39
EN proc_common_v2_00_a/counter_f 1239049054 \
      FL /opt/Xilinx/10.1/EDK/hw/XilinxProcessorIPLib/pcores/proc_common_v2_00_a/hdl/vhdl/counter_f.vhd \
      PB ieee/std_logic_1164 1217055545 PH ieee/NUMERIC_STD 1217055545 LB unisim \
      LB proc_common_v2_00_a PB proc_common_v2_00_a/family_support 1239049039
AR proc_common_v2_00_a/counter_f/imp 1239049055 \
      FL /opt/Xilinx/10.1/EDK/hw/XilinxProcessorIPLib/pcores/proc_common_v2_00_a/hdl/vhdl/counter_f.vhd \
      EN proc_common_v2_00_a/counter_f 1239049054 CP std_logic_vector CP std_logic \
      CP MUXCY_L CP XORCY CP FDRE CP unsigned
FL /opt/Xilinx/10.1/EDK/hw/XilinxProcessorIPLib/pcores/proc_common_v2_00_a/hdl/vhdl/dynshreg_f.vhd 2007/12/12.18:20:22 K.39
EN proc_common_v2_00_a/dynshreg_f 1239049048 \
      FL /opt/Xilinx/10.1/EDK/hw/XilinxProcessorIPLib/pcores/proc_common_v2_00_a/hdl/vhdl/dynshreg_f.vhd \
      PB ieee/std_logic_1164 1217055545 PH ieee/NUMERIC_STD 1217055545 \
      LB proc_common_v2_00_a PB proc_common_v2_00_a/proc_common_pkg 1239049041
AR proc_common_v2_00_a/dynshreg_f/behavioral 1239049049 \
      FL /opt/Xilinx/10.1/EDK/hw/XilinxProcessorIPLib/pcores/proc_common_v2_00_a/hdl/vhdl/dynshreg_f.vhd \
      EN proc_common_v2_00_a/dynshreg_f 1239049048 LB proc_common_v2_00_a \
      PB proc_common_v2_00_a/family_support 1239049039 LB unisim CP bo2na_type \
      CP natural CP integer CP std_logic_vector CP SRLC16E CP SRLC32E \
      CP proc_common_v2_00_a/muxf_struct_f CP dataType
FL /opt/Xilinx/10.1/EDK/hw/XilinxProcessorIPLib/pcores/proc_common_v2_00_a/hdl/vhdl/family_support.vhd 2008/07/29.11:27:22 K.39
PH proc_common_v2_00_a/family_support 1239049038 \
      FL /opt/Xilinx/10.1/EDK/hw/XilinxProcessorIPLib/pcores/proc_common_v2_00_a/hdl/vhdl/family_support.vhd
PB proc_common_v2_00_a/family_support 1239049039 \
      FL /opt/Xilinx/10.1/EDK/hw/XilinxProcessorIPLib/pcores/proc_common_v2_00_a/hdl/vhdl/family_support.vhd \
      PH proc_common_v2_00_a/family_support 1239049038
FL /opt/Xilinx/10.1/EDK/hw/XilinxProcessorIPLib/pcores/proc_common_v2_00_a/hdl/vhdl/ipif_pkg.vhd 2005/11/03.17:09:03 K.39
PH proc_common_v2_00_a/ipif_pkg 1239049062 \
      FL /opt/Xilinx/10.1/EDK/hw/XilinxProcessorIPLib/pcores/proc_common_v2_00_a/hdl/vhdl/ipif_pkg.vhd \
      PB ieee/std_logic_1164 1217055545 PB ieee/std_logic_arith 1217055546 \
      PB ieee/STD_LOGIC_UNSIGNED 1217055547
PB proc_common_v2_00_a/ipif_pkg 1239049063 \
      FL /opt/Xilinx/10.1/EDK/hw/XilinxProcessorIPLib/pcores/proc_common_v2_00_a/hdl/vhdl/ipif_pkg.vhd \
      PH proc_common_v2_00_a/ipif_pkg 1239049062 LB proc_common_v2_00_a \
      PB proc_common_v2_00_a/proc_common_pkg 1239049041
FL /opt/Xilinx/10.1/EDK/hw/XilinxProcessorIPLib/pcores/proc_common_v2_00_a/hdl/vhdl/muxf_struct_f.vhd 2007/12/12.18:20:22 K.39
EN proc_common_v2_00_a/muxf_struct 1239049042 \
      FL /opt/Xilinx/10.1/EDK/hw/XilinxProcessorIPLib/pcores/proc_common_v2_00_a/hdl/vhdl/muxf_struct_f.vhd \
      PB ieee/std_logic_1164 1217055545 LB proc_common_v2_00_a \
      PB proc_common_v2_00_a/proc_common_pkg 1239049041 \
      PB proc_common_v2_00_a/family_support 1239049039 LB unisim
AR proc_common_v2_00_a/muxf_struct/imp 1239049043 \
      FL /opt/Xilinx/10.1/EDK/hw/XilinxProcessorIPLib/pcores/proc_common_v2_00_a/hdl/vhdl/muxf_struct_f.vhd \
      EN proc_common_v2_00_a/muxf_struct 1239049042 LB proc_common_v2_00_a \
      LB unisim CP natural CP boolean CP proc_common_v2_00_a/muxf_struct CP MUXF5_D \
      CP MUXF6_D CP MUXF7_D CP MUXF8_D CP std_logic
EN proc_common_v2_00_a/muxf_struct_f 1239049044 \
      FL /opt/Xilinx/10.1/EDK/hw/XilinxProcessorIPLib/pcores/proc_common_v2_00_a/hdl/vhdl/muxf_struct_f.vhd \
      PB ieee/std_logic_1164 1217055545 LB proc_common_v2_00_a \
      PB proc_common_v2_00_a/proc_common_pkg 1239049041
AR proc_common_v2_00_a/muxf_struct_f/imp 1239049045 \
      FL /opt/Xilinx/10.1/EDK/hw/XilinxProcessorIPLib/pcores/proc_common_v2_00_a/hdl/vhdl/muxf_struct_f.vhd \
      EN proc_common_v2_00_a/muxf_struct_f 1239049044 \
      CP proc_common_v2_00_a/muxf_struct
FL /opt/Xilinx/10.1/EDK/hw/XilinxProcessorIPLib/pcores/proc_common_v2_00_a/hdl/vhdl/or_gate128.vhd 2005/10/19.13:55:20 K.39
EN proc_common_v2_00_a/or_gate128 1239049060 \
      FL /opt/Xilinx/10.1/EDK/hw/XilinxProcessorIPLib/pcores/proc_common_v2_00_a/hdl/vhdl/or_gate128.vhd \
      PB ieee/std_logic_1164 1217055545 PB ieee/std_logic_arith 1217055546 \
      PB ieee/STD_LOGIC_UNSIGNED 1217055547 LB proc_common_v2_00_a
AR proc_common_v2_00_a/or_gate128/imp 1239049061 \
      FL /opt/Xilinx/10.1/EDK/hw/XilinxProcessorIPLib/pcores/proc_common_v2_00_a/hdl/vhdl/or_gate128.vhd \
      EN proc_common_v2_00_a/or_gate128 1239049060 CP std_logic_vector CP or_muxcy
FL /opt/Xilinx/10.1/EDK/hw/XilinxProcessorIPLib/pcores/proc_common_v2_00_a/hdl/vhdl/or_muxcy.vhd 2003/12/16.16:24:37 K.39
EN proc_common_v2_00_a/or_muxcy 1239049050 \
      FL /opt/Xilinx/10.1/EDK/hw/XilinxProcessorIPLib/pcores/proc_common_v2_00_a/hdl/vhdl/or_muxcy.vhd \
      PB ieee/std_logic_1164 1217055545 LB unisim
AR proc_common_v2_00_a/or_muxcy/implementation 1239049051 \
      FL /opt/Xilinx/10.1/EDK/hw/XilinxProcessorIPLib/pcores/proc_common_v2_00_a/hdl/vhdl/or_muxcy.vhd \
      EN proc_common_v2_00_a/or_muxcy 1239049050 CP std_logic_vector CP MUXCY
FL /opt/Xilinx/10.1/EDK/hw/XilinxProcessorIPLib/pcores/proc_common_v2_00_a/hdl/vhdl/proc_common_pkg.vhd 2007/05/25.19:15:34 K.39
PH proc_common_v2_00_a/proc_common_pkg 1239049040 \
      FL /opt/Xilinx/10.1/EDK/hw/XilinxProcessorIPLib/pcores/proc_common_v2_00_a/hdl/vhdl/proc_common_pkg.vhd \
      PB ieee/std_logic_1164 1217055545 PB ieee/std_logic_arith 1217055546 \
      PB ieee/STD_LOGIC_UNSIGNED 1217055547
PB proc_common_v2_00_a/proc_common_pkg 1239049041 \
      FL /opt/Xilinx/10.1/EDK/hw/XilinxProcessorIPLib/pcores/proc_common_v2_00_a/hdl/vhdl/proc_common_pkg.vhd \
      PH proc_common_v2_00_a/proc_common_pkg 1239049040
FL /opt/Xilinx/10.1/EDK/hw/XilinxProcessorIPLib/pcores/proc_common_v2_00_a/hdl/vhdl/pselect_f.vhd 2006/06/01.09:55:06 K.39
EN proc_common_v2_00_a/pselect_f 1239049058 \
      FL /opt/Xilinx/10.1/EDK/hw/XilinxProcessorIPLib/pcores/proc_common_v2_00_a/hdl/vhdl/pselect_f.vhd \
      PB ieee/std_logic_1164 1217055545 LB unisim LB proc_common_v2_00_a \
      PB proc_common_v2_00_a/family_support 1239049039
AR proc_common_v2_00_a/pselect_f/imp 1239049059 \
      FL /opt/Xilinx/10.1/EDK/hw/XilinxProcessorIPLib/pcores/proc_common_v2_00_a/hdl/vhdl/pselect_f.vhd \
      EN proc_common_v2_00_a/pselect_f 1239049058 CP integer CP std_logic_vector \
      CP natural CP positive CP MUXCY
FL /opt/Xilinx/10.1/EDK/hw/XilinxProcessorIPLib/pcores/proc_common_v2_00_a/hdl/vhdl/srl_fifo_f.vhd 2007/12/12.18:20:22 K.39
EN proc_common_v2_00_a/srl_fifo_f 1239049056 \
      FL /opt/Xilinx/10.1/EDK/hw/XilinxProcessorIPLib/pcores/proc_common_v2_00_a/hdl/vhdl/srl_fifo_f.vhd \
      PB ieee/std_logic_1164 1217055545 LB proc_common_v2_00_a \
      PB proc_common_v2_00_a/proc_common_pkg 1239049041
AR proc_common_v2_00_a/srl_fifo_f/imp 1239049057 \
      FL /opt/Xilinx/10.1/EDK/hw/XilinxProcessorIPLib/pcores/proc_common_v2_00_a/hdl/vhdl/srl_fifo_f.vhd \
      EN proc_common_v2_00_a/srl_fifo_f 1239049056 LB proc_common_v2_00_a \
      PB proc_common_v2_00_a/proc_common_pkg 1239049041 \
      CP proc_common_v2_00_a/srl_fifo_rbu_f
FL /opt/Xilinx/10.1/EDK/hw/XilinxProcessorIPLib/pcores/proc_common_v2_00_a/hdl/vhdl/srl_fifo_rbu_f.vhd 2007/12/12.18:20:22 K.39
EN proc_common_v2_00_a/srl_fifo_rbu_f 1239049052 \
      FL /opt/Xilinx/10.1/EDK/hw/XilinxProcessorIPLib/pcores/proc_common_v2_00_a/hdl/vhdl/srl_fifo_rbu_f.vhd \
      PB ieee/std_logic_1164 1217055545 PH ieee/NUMERIC_STD 1217055545 \
      LB proc_common_v2_00_a PB proc_common_v2_00_a/proc_common_pkg 1239049041
AR proc_common_v2_00_a/srl_fifo_rbu_f/imp 1239049053 \
      FL /opt/Xilinx/10.1/EDK/hw/XilinxProcessorIPLib/pcores/proc_common_v2_00_a/hdl/vhdl/srl_fifo_rbu_f.vhd \
      EN proc_common_v2_00_a/srl_fifo_rbu_f 1239049052 \
      CP proc_common_v2_00_a/cntr_incr_decr_addn_f \
      CP proc_common_v2_00_a/dynshreg_f
